// Jest Snapshot v1, https://goo.gl/fbAQLP

exports[`the song cards should render correctly 1`] = `
<DocumentFragment>
  <div
    class="song-card"
  >
    <img
      alt="/"
    />
    <p />
    <p />
    <button
      class="Button"
      data-testid="test-btn"
      type="button"
    >
      0
    </button>
  </div>
</DocumentFragment>
`;
