// Jest Snapshot v1, https://goo.gl/fbAQLP

exports[`the genre page container should render correctly 1`] = `
<DocumentFragment>
  <div
    class="genre-page"
  >
    <p>
      Genres
    </p>
    <div
      class="genre-container"
    >
      <div
        class="genre-card"
      >
        <img
          alt="/"
        />
        <button
          class="Button"
          data-testid="test-btn"
          type="button"
        >
          rock
        </button>
      </div>
      <div
        class="genre-card"
      >
        <img
          alt="/"
        />
        <button
          class="Button"
          data-testid="test-btn"
          type="button"
        >
          pop
        </button>
      </div>
      <div
        class="genre-card"
      >
        <img
          alt="/"
        />
        <button
          class="Button"
          data-testid="test-btn"
          type="button"
        >
          bollywood
        </button>
      </div>
      <div
        class="genre-card"
      >
        <img
          alt="/"
        />
        <button
          class="Button"
          data-testid="test-btn"
          type="button"
        >
          country
        </button>
      </div>
    </div>
  </div>
</DocumentFragment>
`;
