// Jest Snapshot v1, https://goo.gl/fbAQLP

exports[`the genre page container should render correctly 1`] = `
<DocumentFragment>
  <div
    class="Genre-page"
  >
    <p>
      Genres
    </p>
    <div
      class="Genre-container"
    >
      <div
        class="GenreCard"
      >
        <img
          alt="/"
        />
        <div
          class="Button"
        >
          <button
            data-testid="test-btn"
            type="button"
          >
            rock
          </button>
        </div>
      </div>
      <div
        class="GenreCard"
      >
        <img
          alt="/"
        />
        <div
          class="Button"
        >
          <button
            data-testid="test-btn"
            type="button"
          >
            pop
          </button>
        </div>
      </div>
      <div
        class="GenreCard"
      >
        <img
          alt="/"
        />
        <div
          class="Button"
        >
          <button
            data-testid="test-btn"
            type="button"
          >
            bollywood
          </button>
        </div>
      </div>
      <div
        class="GenreCard"
      >
        <img
          alt="/"
        />
        <div
          class="Button"
        >
          <button
            data-testid="test-btn"
            type="button"
          >
            country
          </button>
        </div>
      </div>
    </div>
  </div>
</DocumentFragment>
`;
